*** Life<ConwayCell> 6x5 ***

Generation = 0, Population = 9.
...*.
*.*..
.**..
.**..
*....
*....

Generation = 2, Population = 5.
.....
..**.
...*.
*....
.*...
.....

*** Life<ConwayCell> 6x8 ***

Generation = 0, Population = 17.
*.*.*.*.
.***..*.
*...*..*
.**...**
........
**......

Generation = 1, Population = 15.
..*..*..
*.*.*.**
*....*.*
.*....**
*.*.....
........

*** Life<ConwayCell> 8x7 ***

Generation = 0, Population = 23.
..*.*.*
.**..**
.*...**
***...*
*..*..*
....*..
.*...*.
.*.**..

Generation = 3, Population = 18.
.......
.......
..**...
..***..
.*.*.**
.*.*...
.******
...*...

*** Life<ConwayCell> 5x9 ***

Generation = 0, Population = 3.
.........
.*..*....
.....*...
.........
.........

Generation = 2, Population = 0.
.........
.........
.........
.........
.........

*** Life<ConwayCell> 8x6 ***

Generation = 0, Population = 2.
.....*
......
......
......
...*..
......
......
......

Generation = 1, Population = 0.
......
......
......
......
......
......
......
......

Generation = 2, Population = 0.
......
......
......
......
......
......
......
......

*** Life<ConwayCell> 9x9 ***

Generation = 0, Population = 23.
........*
......***
....*....
...*..*..
*....*...
*****.***
.........
*.**....*
*.*......

Generation = 2, Population = 25.
.......**
......***
....****.
....*....
*.*......
*.**..**.
*.....**.
.**.*....
..**.....

*** Life<ConwayCell> 8x6 ***

Generation = 0, Population = 15.
......
*.*.*.
*.....
*..*.*
*.*..*
.*.*..
*..*..
*.....

*** Life<ConwayCell> 10x5 ***

Generation = 0, Population = 11.
...**
...**
*....
..*..
.....
..*..
*..*.
.*...
.....
..*..

*** Life<ConwayCell> 7x8 ***

Generation = 0, Population = 16.
...**..*
....**..
...*.*..
*.....**
***...*.
........
..*.*...

Generation = 1, Population = 17.
...***..
.....**.
.....*..
*.*..***
**....**
..**....
........

Generation = 2, Population = 15.
....***.
......*.
....*..*
*....*.*
*..*.*.*
.**.....
........

Generation = 3, Population = 14.
.....**.
....*.**
.....*.*
.....*.*
*.*.*...
.**.....
........

Generation = 4, Population = 15.
.....***
....*..*
....**.*
....**..
..**....
.***....
........

*** Life<ConwayCell> 10x10 ***

Generation = 0, Population = 9.
.*........
......**..
..........
.*........
.*........
..........
..*.......
..*...*...
.........*
..........

*** Life<ConwayCell> 9x10 ***

Generation = 0, Population = 13.
....*.....
.......*..
..........
..........
......*...
....*....*
.....*....
*.*.*.....
.*..*..*.*

*** Life<ConwayCell> 8x9 ***

Generation = 0, Population = 12.
.*.......
*.....**.
*...*....
.........
.........
...*.....
..***..*.
....*....

*** Life<ConwayCell> 8x10 ***

Generation = 0, Population = 15.
.*.*.**...
...*..*.*.
..........
.....**..*
..........
..*.......
..*..**...
*.........

Generation = 1, Population = 14.
..*.****..
..*.****..
.....***..
..........
..........
..........
.*........
..........

Generation = 2, Population = 6.
....*..*..
........*.
....*..*..
......*...
..........
..........
..........
..........

Generation = 3, Population = 3.
..........
.......**.
.......*..
..........
..........
..........
..........
..........

Generation = 4, Population = 4.
..........
.......**.
.......**.
..........
..........
..........
..........
..........

*** Life<ConwayCell> 9x5 ***

Generation = 0, Population = 9.
.....
...*.
*....
.....
..*..
.*..*
*.*.*
.*...
.....

Generation = 1, Population = 6.
.....
.....
.....
.....
.....
.**..
*.**.
.*...
.....

Generation = 2, Population = 7.
.....
.....
.....
.....
.....
.***.
*..*.
.**..
.....

Generation = 3, Population = 8.
.....
.....
.....
.....
..*..
.***.
*..*.
.**..
.....

Generation = 4, Population = 9.
.....
.....
.....
.....
.***.
.*.*.
*..*.
.**..
.....

*** Life<ConwayCell> 10x10 ***

Generation = 0, Population = 4.
..........
..........
......*...
..*.......
.*........
..........
.........*
..........
..........
..........

Generation = 3, Population = 0.
..........
..........
..........
..........
..........
..........
..........
..........
..........
..........

*** Life<ConwayCell> 10x4 ***

Generation = 0, Population = 21.
***.
...*
*..*
.***
*.**
....
**.*
.*.*
**.*
..*.

*** Life<ConwayCell> 9x4 ***

Generation = 0, Population = 17.
.*..
*...
..*.
.**.
**.*
****
*.*.
..**
*...

Generation = 1, Population = 9.
....
.*..
..*.
*..*
...*
...*
*...
..**
....

Generation = 2, Population = 8.
....
....
.**.
..**
..**
....
..**
....
....

*** Life<ConwayCell> 9x5 ***

Generation = 0, Population = 5.
..*..
.....
.....
.....
.....
..*..
.....
*...*
...*.

*** Life<ConwayCell> 4x5 ***

Generation = 0, Population = 12.
.*..*
*.***
**.*.
***..

*** Life<ConwayCell> 4x7 ***

Generation = 0, Population = 8.
*.....*
*...*.*
...*...
.*.*...

Generation = 1, Population = 6.
.....*.
.....*.
..***..
..*....

Generation = 2, Population = 6.
.......
...*.*.
..***..
..*....

Generation = 3, Population = 5.
.......
..**...
..*.*..
..*....

Generation = 4, Population = 5.
.......
..**...
.**....
...*...

*** Life<ConwayCell> 6x4 ***

Generation = 0, Population = 2.
....
....
....
....
...*
..*.

Generation = 1, Population = 0.
....
....
....
....
....
....

*** Life<ConwayCell> 7x9 ***

Generation = 0, Population = 17.
.....*.**
...**....
*.....*.*
.*...*.*.
......*.*
.....***.
.....*...

Generation = 1, Population = 15.
....*....
....***.*
....****.
.....*..*
........*
.....*.*.
.....*...

Generation = 2, Population = 11.
....*....
...*.....
........*
....**..*
......***
......*..
......*..
